# See https://help.github.com/articles/ignoring-files for more about ignoring files.
#
# If you find yourself ignoring temporary files generated by your text editor
# or operating system, you probably want to add a global ignore instead:
#   git config --global core.excludesfile '~/.gitignore_global'

# Ignore bundler config.
/.bundle

# Ignore the default SQLite database.
/db/*.sqlite3
/db/*.sqlite3-journal

# Ignore all logfiles and tempfiles.
/log/*.log
/tmp

# Rails
*.rbc
capybara-*.html
.rspec
/log
/tmp
/db/*.sqlite3
/public/system
/coverage/
/spec/tmp
**.orig
rerun.txt
pickle-email-*.html

# TODO Comment out these rules if you are OK with secrets being uploaded to the repo
config/initializers/secret_token.rb
config/secrets.yml

## Environment normalisation:
/.bundle
/vendor/bundle

# these should all be checked in to normalise the environment:
# Gemfile.lock, .ruby-version, .ruby-gemset

# unless supporting rvm < 1.11.0 or doing something fancy, ignore this:
.rvmrc

# if using bower-rails ignore default bower_components path bower.json files
/vendor/assets/bower_components
*.bowerrc
bower.json

# when trying to merge a branch back into master, we were getting this error:
# timofeysie@myra:~/workspace (layout) $ git checkout master
# error: Your local changes to the following files would be overwritten by checkout:
#         .c9/metadata/tab31
# Please, commit your changes or stash them before you can switch branches.
# Aborting
# timofeysie@myra:~/workspace (layout) $ git status
# On branch layout
# Changes not staged for commit:
#   (use "git add <file>..." to update what will be committed)
#   (use "git checkout -- <file>..." to discard changes in working directory)\
#         modified:   .c9/metadata/tab31
/.c9/metadata

